C:\Program Files\dotnet\sdk\9.0.302\Microsoft.Common.CurrentVersion.targets(5395,5): warning MSB3026: Could not copy "D:\Sales Inquirys\backend\PolyTrack.API\obj\Debug\net9.0\apphost.exe" to "bin\Debug\net9.0\PolyTrack.API.exe". Beginning retry 1 in 1000ms. The process cannot access the file 'D:\Sales Inquirys\backend\PolyTrack.API\bin\Debug\net9.0\PolyTrack.API.exe' because it is being used by another process. The file is locked by: "PolyTrack.API (11348)" [D:\Sales Inquirys\backend\PolyTrack.API\PolyTrack.API.csproj]
C:\Program Files\dotnet\sdk\9.0.302\Microsoft.Common.CurrentVersion.targets(5395,5): warning MSB3026: Could not copy "D:\Sales Inquirys\backend\PolyTrack.API\obj\Debug\net9.0\apphost.exe" to "bin\Debug\net9.0\PolyTrack.API.exe". Beginning retry 2 in 1000ms. The process cannot access the file 'D:\Sales Inquirys\backend\PolyTrack.API\bin\Debug\net9.0\PolyTrack.API.exe' because it is being used by another process. The file is locked by: "PolyTrack.API (11348)" [D:\Sales Inquirys\backend\PolyTrack.API\PolyTrack.API.csproj]
C:\Program Files\dotnet\sdk\9.0.302\Microsoft.Common.CurrentVersion.targets(5395,5): warning MSB3026: Could not copy "D:\Sales Inquirys\backend\PolyTrack.API\obj\Debug\net9.0\apphost.exe" to "bin\Debug\net9.0\PolyTrack.API.exe". Beginning retry 3 in 1000ms. The process cannot access the file 'D:\Sales Inquirys\backend\PolyTrack.API\bin\Debug\net9.0\PolyTrack.API.exe' because it is being used by another process. The file is locked by: "PolyTrack.API (11348)" [D:\Sales Inquirys\backend\PolyTrack.API\PolyTrack.API.csproj]
C:\Program Files\dotnet\sdk\9.0.302\Microsoft.Common.CurrentVersion.targets(5395,5): warning MSB3026: Could not copy "D:\Sales Inquirys\backend\PolyTrack.API\obj\Debug\net9.0\apphost.exe" to "bin\Debug\net9.0\PolyTrack.API.exe". Beginning retry 4 in 1000ms. The process cannot access the file 'D:\Sales Inquirys\backend\PolyTrack.API\bin\Debug\net9.0\PolyTrack.API.exe' because it is being used by another process. The file is locked by: "PolyTrack.API (11348)" [D:\Sales Inquirys\backend\PolyTrack.API\PolyTrack.API.csproj]
C:\Program Files\dotnet\sdk\9.0.302\Microsoft.Common.CurrentVersion.targets(5395,5): warning MSB3026: Could not copy "D:\Sales Inquirys\backend\PolyTrack.API\obj\Debug\net9.0\apphost.exe" to "bin\Debug\net9.0\PolyTrack.API.exe". Beginning retry 5 in 1000ms. The process cannot access the file 'D:\Sales Inquirys\backend\PolyTrack.API\bin\Debug\net9.0\PolyTrack.API.exe' because it is being used by another process. The file is locked by: "PolyTrack.API (11348)" [D:\Sales Inquirys\backend\PolyTrack.API\PolyTrack.API.csproj]
C:\Program Files\dotnet\sdk\9.0.302\Microsoft.Common.CurrentVersion.targets(5395,5): warning MSB3026: Could not copy "D:\Sales Inquirys\backend\PolyTrack.API\obj\Debug\net9.0\apphost.exe" to "bin\Debug\net9.0\PolyTrack.API.exe". Beginning retry 6 in 1000ms. The process cannot access the file 'D:\Sales Inquirys\backend\PolyTrack.API\bin\Debug\net9.0\PolyTrack.API.exe' because it is being used by another process. The file is locked by: "PolyTrack.API (11348)" [D:\Sales Inquirys\backend\PolyTrack.API\PolyTrack.API.csproj]
C:\Program Files\dotnet\sdk\9.0.302\Microsoft.Common.CurrentVersion.targets(5395,5): warning MSB3026: Could not copy "D:\Sales Inquirys\backend\PolyTrack.API\obj\Debug\net9.0\apphost.exe" to "bin\Debug\net9.0\PolyTrack.API.exe". Beginning retry 7 in 1000ms. The process cannot access the file 'D:\Sales Inquirys\backend\PolyTrack.API\bin\Debug\net9.0\PolyTrack.API.exe' because it is being used by another process. The file is locked by: "PolyTrack.API (11348)" [D:\Sales Inquirys\backend\PolyTrack.API\PolyTrack.API.csproj]
C:\Program Files\dotnet\sdk\9.0.302\Microsoft.Common.CurrentVersion.targets(5395,5): warning MSB3026: Could not copy "D:\Sales Inquirys\backend\PolyTrack.API\obj\Debug\net9.0\apphost.exe" to "bin\Debug\net9.0\PolyTrack.API.exe". Beginning retry 8 in 1000ms. The process cannot access the file 'D:\Sales Inquirys\backend\PolyTrack.API\bin\Debug\net9.0\PolyTrack.API.exe' because it is being used by another process. The file is locked by: "PolyTrack.API (11348)" [D:\Sales Inquirys\backend\PolyTrack.API\PolyTrack.API.csproj]
C:\Program Files\dotnet\sdk\9.0.302\Microsoft.Common.CurrentVersion.targets(5395,5): warning MSB3026: Could not copy "D:\Sales Inquirys\backend\PolyTrack.API\obj\Debug\net9.0\apphost.exe" to "bin\Debug\net9.0\PolyTrack.API.exe". Beginning retry 9 in 1000ms. The process cannot access the file 'D:\Sales Inquirys\backend\PolyTrack.API\bin\Debug\net9.0\PolyTrack.API.exe' because it is being used by another process. The file is locked by: "PolyTrack.API (11348)" [D:\Sales Inquirys\backend\PolyTrack.API\PolyTrack.API.csproj]
C:\Program Files\dotnet\sdk\9.0.302\Microsoft.Common.CurrentVersion.targets(5395,5): warning MSB3026: Could not copy "D:\Sales Inquirys\backend\PolyTrack.API\obj\Debug\net9.0\apphost.exe" to "bin\Debug\net9.0\PolyTrack.API.exe". Beginning retry 10 in 1000ms. The process cannot access the file 'D:\Sales Inquirys\backend\PolyTrack.API\bin\Debug\net9.0\PolyTrack.API.exe' because it is being used by another process. The file is locked by: "PolyTrack.API (11348)" [D:\Sales Inquirys\backend\PolyTrack.API\PolyTrack.API.csproj]
C:\Program Files\dotnet\sdk\9.0.302\Microsoft.Common.CurrentVersion.targets(5395,5): error MSB3027: Could not copy "D:\Sales Inquirys\backend\PolyTrack.API\obj\Debug\net9.0\apphost.exe" to "bin\Debug\net9.0\PolyTrack.API.exe". Exceeded retry count of 10. Failed. The file is locked by: "PolyTrack.API (11348)" [D:\Sales Inquirys\backend\PolyTrack.API\PolyTrack.API.csproj]
C:\Program Files\dotnet\sdk\9.0.302\Microsoft.Common.CurrentVersion.targets(5395,5): error MSB3021: Unable to copy file "D:\Sales Inquirys\backend\PolyTrack.API\obj\Debug\net9.0\apphost.exe" to "bin\Debug\net9.0\PolyTrack.API.exe". The process cannot access the file 'D:\Sales Inquirys\backend\PolyTrack.API\bin\Debug\net9.0\PolyTrack.API.exe' because it is being used by another process. [D:\Sales Inquirys\backend\PolyTrack.API\PolyTrack.API.csproj]

Build FAILED.

C:\Program Files\dotnet\sdk\9.0.302\Microsoft.Common.CurrentVersion.targets(5395,5): warning MSB3026: Could not copy "D:\Sales Inquirys\backend\PolyTrack.API\obj\Debug\net9.0\apphost.exe" to "bin\Debug\net9.0\PolyTrack.API.exe". Beginning retry 1 in 1000ms. The process cannot access the file 'D:\Sales Inquirys\backend\PolyTrack.API\bin\Debug\net9.0\PolyTrack.API.exe' because it is being used by another process. The file is locked by: "PolyTrack.API (11348)" [D:\Sales Inquirys\backend\PolyTrack.API\PolyTrack.API.csproj]
C:\Program Files\dotnet\sdk\9.0.302\Microsoft.Common.CurrentVersion.targets(5395,5): warning MSB3026: Could not copy "D:\Sales Inquirys\backend\PolyTrack.API\obj\Debug\net9.0\apphost.exe" to "bin\Debug\net9.0\PolyTrack.API.exe". Beginning retry 2 in 1000ms. The process cannot access the file 'D:\Sales Inquirys\backend\PolyTrack.API\bin\Debug\net9.0\PolyTrack.API.exe' because it is being used by another process. The file is locked by: "PolyTrack.API (11348)" [D:\Sales Inquirys\backend\PolyTrack.API\PolyTrack.API.csproj]
C:\Program Files\dotnet\sdk\9.0.302\Microsoft.Common.CurrentVersion.targets(5395,5): warning MSB3026: Could not copy "D:\Sales Inquirys\backend\PolyTrack.API\obj\Debug\net9.0\apphost.exe" to "bin\Debug\net9.0\PolyTrack.API.exe". Beginning retry 3 in 1000ms. The process cannot access the file 'D:\Sales Inquirys\backend\PolyTrack.API\bin\Debug\net9.0\PolyTrack.API.exe' because it is being used by another process. The file is locked by: "PolyTrack.API (11348)" [D:\Sales Inquirys\backend\PolyTrack.API\PolyTrack.API.csproj]
C:\Program Files\dotnet\sdk\9.0.302\Microsoft.Common.CurrentVersion.targets(5395,5): warning MSB3026: Could not copy "D:\Sales Inquirys\backend\PolyTrack.API\obj\Debug\net9.0\apphost.exe" to "bin\Debug\net9.0\PolyTrack.API.exe". Beginning retry 4 in 1000ms. The process cannot access the file 'D:\Sales Inquirys\backend\PolyTrack.API\bin\Debug\net9.0\PolyTrack.API.exe' because it is being used by another process. The file is locked by: "PolyTrack.API (11348)" [D:\Sales Inquirys\backend\PolyTrack.API\PolyTrack.API.csproj]
C:\Program Files\dotnet\sdk\9.0.302\Microsoft.Common.CurrentVersion.targets(5395,5): warning MSB3026: Could not copy "D:\Sales Inquirys\backend\PolyTrack.API\obj\Debug\net9.0\apphost.exe" to "bin\Debug\net9.0\PolyTrack.API.exe". Beginning retry 5 in 1000ms. The process cannot access the file 'D:\Sales Inquirys\backend\PolyTrack.API\bin\Debug\net9.0\PolyTrack.API.exe' because it is being used by another process. The file is locked by: "PolyTrack.API (11348)" [D:\Sales Inquirys\backend\PolyTrack.API\PolyTrack.API.csproj]
C:\Program Files\dotnet\sdk\9.0.302\Microsoft.Common.CurrentVersion.targets(5395,5): warning MSB3026: Could not copy "D:\Sales Inquirys\backend\PolyTrack.API\obj\Debug\net9.0\apphost.exe" to "bin\Debug\net9.0\PolyTrack.API.exe". Beginning retry 6 in 1000ms. The process cannot access the file 'D:\Sales Inquirys\backend\PolyTrack.API\bin\Debug\net9.0\PolyTrack.API.exe' because it is being used by another process. The file is locked by: "PolyTrack.API (11348)" [D:\Sales Inquirys\backend\PolyTrack.API\PolyTrack.API.csproj]
C:\Program Files\dotnet\sdk\9.0.302\Microsoft.Common.CurrentVersion.targets(5395,5): warning MSB3026: Could not copy "D:\Sales Inquirys\backend\PolyTrack.API\obj\Debug\net9.0\apphost.exe" to "bin\Debug\net9.0\PolyTrack.API.exe". Beginning retry 7 in 1000ms. The process cannot access the file 'D:\Sales Inquirys\backend\PolyTrack.API\bin\Debug\net9.0\PolyTrack.API.exe' because it is being used by another process. The file is locked by: "PolyTrack.API (11348)" [D:\Sales Inquirys\backend\PolyTrack.API\PolyTrack.API.csproj]
C:\Program Files\dotnet\sdk\9.0.302\Microsoft.Common.CurrentVersion.targets(5395,5): warning MSB3026: Could not copy "D:\Sales Inquirys\backend\PolyTrack.API\obj\Debug\net9.0\apphost.exe" to "bin\Debug\net9.0\PolyTrack.API.exe". Beginning retry 8 in 1000ms. The process cannot access the file 'D:\Sales Inquirys\backend\PolyTrack.API\bin\Debug\net9.0\PolyTrack.API.exe' because it is being used by another process. The file is locked by: "PolyTrack.API (11348)" [D:\Sales Inquirys\backend\PolyTrack.API\PolyTrack.API.csproj]
C:\Program Files\dotnet\sdk\9.0.302\Microsoft.Common.CurrentVersion.targets(5395,5): warning MSB3026: Could not copy "D:\Sales Inquirys\backend\PolyTrack.API\obj\Debug\net9.0\apphost.exe" to "bin\Debug\net9.0\PolyTrack.API.exe". Beginning retry 9 in 1000ms. The process cannot access the file 'D:\Sales Inquirys\backend\PolyTrack.API\bin\Debug\net9.0\PolyTrack.API.exe' because it is being used by another process. The file is locked by: "PolyTrack.API (11348)" [D:\Sales Inquirys\backend\PolyTrack.API\PolyTrack.API.csproj]
C:\Program Files\dotnet\sdk\9.0.302\Microsoft.Common.CurrentVersion.targets(5395,5): warning MSB3026: Could not copy "D:\Sales Inquirys\backend\PolyTrack.API\obj\Debug\net9.0\apphost.exe" to "bin\Debug\net9.0\PolyTrack.API.exe". Beginning retry 10 in 1000ms. The process cannot access the file 'D:\Sales Inquirys\backend\PolyTrack.API\bin\Debug\net9.0\PolyTrack.API.exe' because it is being used by another process. The file is locked by: "PolyTrack.API (11348)" [D:\Sales Inquirys\backend\PolyTrack.API\PolyTrack.API.csproj]
C:\Program Files\dotnet\sdk\9.0.302\Microsoft.Common.CurrentVersion.targets(5395,5): error MSB3027: Could not copy "D:\Sales Inquirys\backend\PolyTrack.API\obj\Debug\net9.0\apphost.exe" to "bin\Debug\net9.0\PolyTrack.API.exe". Exceeded retry count of 10. Failed. The file is locked by: "PolyTrack.API (11348)" [D:\Sales Inquirys\backend\PolyTrack.API\PolyTrack.API.csproj]
C:\Program Files\dotnet\sdk\9.0.302\Microsoft.Common.CurrentVersion.targets(5395,5): error MSB3021: Unable to copy file "D:\Sales Inquirys\backend\PolyTrack.API\obj\Debug\net9.0\apphost.exe" to "bin\Debug\net9.0\PolyTrack.API.exe". The process cannot access the file 'D:\Sales Inquirys\backend\PolyTrack.API\bin\Debug\net9.0\PolyTrack.API.exe' because it is being used by another process. [D:\Sales Inquirys\backend\PolyTrack.API\PolyTrack.API.csproj]
    10 Warning(s)
    2 Error(s)

Time Elapsed 00:00:17.29
